+ cmake -S ../project/ -B ../project/build-gcc -DCMAKE_CXX_COMPILER=g++
-- The C compiler identification is GNU 15.2.0
-- The CXX compiler identification is GNU 15.2.0
-- Detecting C compiler ABI info
-- Detecting C compiler ABI info - done
-- Check for working C compiler: /usr/bin/cc - skipped
-- Detecting C compile features
-- Detecting C compile features - done
-- Detecting CXX compiler ABI info
-- Detecting CXX compiler ABI info - done
-- Check for working CXX compiler: /usr/bin/g++ - skipped
-- Detecting CXX compile features
-- Detecting CXX compile features - done
-- Configuring done (0.2s)
-- Generating done (0.0s)
-- Build files have been written to: /home/aozu/Documents/av-learning-roadmap/Phase1/Week1/project/build-gcc
+ echo Configure Exit Code: 0
Configure Exit Code: 0
+ cmake --build ../project/build-gcc
[ 25%] Building CXX object CMakeFiles/core.dir/src/stats.cpp.o
[ 50%] Linking CXX static library libcore.a
[ 50%] Built target core
[ 75%] Building CXX object CMakeFiles/textstats.dir/src/main.cpp.o
[100%] Linking CXX executable textstats
[100%] Built target textstats
+ echo Build Exit Code: 0
Build Exit Code: 0
